// Jest Snapshot v1, https://goo.gl/fbAQLP

exports[`should render NotFoundPage correctly 1`] = `
<div>
  This is 404! - 
  <Link
    to="/"
  >
    GO Home
  </Link>
</div>
`;
